// Jest Snapshot v1, https://goo.gl/fbAQLP

exports[`Test ModalDialog component Should pass when ModalDialog is defined 1`] = `null`;
