// Jest Snapshot v1, https://goo.gl/fbAQLP

exports[`Test MenuItem component Should pass when item and hover function and placeholder is additional 1`] = `[]`;
