// Jest Snapshot v1, https://goo.gl/fbAQLP

exports[`Test TimeItem component Should pass when TimeItem is defined 1`] = `[]`;
