// Jest Snapshot v1, https://goo.gl/fbAQLP

exports[`Test TabList component Should pass when children on TimeItem is defined 1`] = `null`;
