// Jest Snapshot v1, https://goo.gl/fbAQLP

exports[`Test Container component Should pass when children is additional 1`] = `[]`;
