// Jest Snapshot v1, https://goo.gl/fbAQLP

exports[`Test HeroBanner component Should pass when title is defined 1`] = `null`;
