// Jest Snapshot v1, https://goo.gl/fbAQLP

exports[`Test badge component Should pass when value is greater than 0 1`] = `null`;
