// Jest Snapshot v1, https://goo.gl/fbAQLP

exports[`Test Hamburger component Should pass when isActive and ontogglemenu is defined 1`] = `null`;
