// Jest Snapshot v1, https://goo.gl/fbAQLP

exports[`Test switch component Should pass when isToggle and onToggle props is defined 1`] = `[]`;
