// Jest Snapshot v1, https://goo.gl/fbAQLP

exports[`Test Select component Should pass when name, size, defaultValue, option and onSelect props added 1`] = `
<select
  class="w-full border rounded-sm py-[9px] px-[16px]"
  name="test"
>
  <option
    value="test1"
  >
    test1
  </option>
  <option
    value="test2"
  >
    test2
  </option>
</select>
`;
