// Jest Snapshot v1, https://goo.gl/fbAQLP

exports[`Test MegaMenuItem component Should pass when link is defined 1`] = `null`;
