// Jest Snapshot v1, https://goo.gl/fbAQLP

exports[`Test TabPanel component Should pass when children on TabPanel is defined 1`] = `null`;
