// Jest Snapshot v1, https://goo.gl/fbAQLP

exports[`Test AccordionItem component Should pass when AccordionItem is defined 1`] = `[]`;
