// Jest Snapshot v1, https://goo.gl/fbAQLP

exports[`Test Banner Content component Should pass when name, variant, size and placeholder is additional 1`] = `null`;
