// Jest Snapshot v1, https://goo.gl/fbAQLP

exports[`Test step component Should pass when component is defined 1`] = `[]`;
