// Jest Snapshot v1, https://goo.gl/fbAQLP

exports[`Test label component Should pass when content is additional 1`] = `null`;
