// Jest Snapshot v1, https://goo.gl/fbAQLP

exports[`Test dropdown component Should pass when isActive, selected, options and variant is additional 1`] = `null`;
