// Jest Snapshot v1, https://goo.gl/fbAQLP

exports[`Test ThumbnailItem component Should pass when variant is defined 1`] = `null`;
