// Jest Snapshot v1, https://goo.gl/fbAQLP

exports[`Test Modal component Should pass when modal is defined 1`] = `null`;
